Loaded: /home/cs1521/lib/spim/exceptions.s
n  = n! = 120
